// Jest Snapshot v1, https://goo.gl/fbAQLP

exports[`AwsInstanceSchedulerStack snapshot test 1`] = `
{
  "AWSTemplateFormatVersion": "2010-09-09",
  "Description": "",
  "Metadata": {
    "AWS::CloudFormation::Interface": {
      "ParameterGroups": [
        {
          "Label": {
            "default": "Account",
          },
          "Parameters": [
            "InstanceSchedulerAccount",
          ],
        },
      ],
      "ParameterLabels": {
        "InstanceSchedulerAccount": {
          "default": "Primary account",
        },
      },
    },
  },
  "Outputs": {
    "CrossAccountRole": {
      "Description": "Arn for cross account role for Instance scheduler, add this arn to the list of crossaccount roles (CrossAccountRoles) parameter of the Instance Scheduler template.",
      "Value": {
        "Fn::GetAtt": [
          "EC2SchedulerCrossAccountRole",
          "Arn",
        ],
      },
    },
  },
  "Parameters": {
    "InstanceSchedulerAccount": {
      "AllowedPattern": "(^[0-9]{12}$)",
      "ConstraintDescription": "Account number is a 12 digit number",
      "Description": "Account number of Instance Scheduler account to give access to manage EC2 and RDS  Instances in this account.",
      "Type": "String",
    },
  },
  "Resources": {
    "EC2SchedulerCrossAccountRole": {
      "Metadata": {
        "cfn_nag": {
          "rules_to_suppress": [
            {
              "id": "W11",
              "reason": "All policies have been scoped to be as restrictive as possible. This solution needs to access ec2/rds resources across all regions.",
            },
          ],
        },
      },
      "Properties": {
        "AssumeRolePolicyDocument": {
          "Statement": [
            {
              "Action": "sts:AssumeRole",
              "Effect": "Allow",
              "Principal": {
                "AWS": {
                  "Fn::Sub": [
                    "arn:\${AWS::Partition}:iam::\${accountId}:root",
                    {
                      "accountId": {
                        "Ref": "InstanceSchedulerAccount",
                      },
                    },
                  ],
                },
              },
            },
            {
              "Action": "sts:AssumeRole",
              "Effect": "Allow",
              "Principal": {
                "Service": "lambda.amazonaws.com",
              },
            },
          ],
          "Version": "2012-10-17",
        },
        "Path": "/",
        "Policies": [
          {
            "PolicyDocument": {
              "Statement": [
                {
                  "Action": [
                    "rds:DeleteDBSnapshot",
                    "rds:DescribeDBSnapshots",
                    "rds:StopDBInstance",
                  ],
                  "Effect": "Allow",
                  "Resource": {
                    "Fn::Sub": "arn:\${AWS::Partition}:rds:*:\${AWS::AccountId}:snapshot:*",
                  },
                },
                {
                  "Action": [
                    "rds:AddTagsToResource",
                    "rds:RemoveTagsFromResource",
                    "rds:DescribeDBSnapshots",
                    "rds:StartDBInstance",
                    "rds:StopDBInstance",
                  ],
                  "Effect": "Allow",
                  "Resource": {
                    "Fn::Sub": "arn:\${AWS::Partition}:rds:*:\${AWS::AccountId}:db:*",
                  },
                },
                {
                  "Action": [
                    "rds:AddTagsToResource",
                    "rds:RemoveTagsFromResource",
                    "rds:StartDBCluster",
                    "rds:StopDBCluster",
                  ],
                  "Effect": "Allow",
                  "Resource": {
                    "Fn::Sub": "arn:\${AWS::Partition}:rds:*:\${AWS::AccountId}:cluster:*",
                  },
                },
                {
                  "Action": [
                    "ec2:StartInstances",
                    "ec2:StopInstances",
                    "ec2:CreateTags",
                    "ec2:DeleteTags",
                  ],
                  "Effect": "Allow",
                  "Resource": {
                    "Fn::Sub": "arn:\${AWS::Partition}:ec2:*:\${AWS::AccountId}:instance/*",
                  },
                },
                {
                  "Action": [
                    "rds:DescribeDBClusters",
                    "rds:DescribeDBInstances",
                    "ec2:DescribeInstances",
                    "ec2:DescribeRegions",
                    "ssm:DescribeMaintenanceWindows",
                    "ssm:DescribeMaintenanceWindowExecutions",
                    "tag:GetResources",
                  ],
                  "Effect": "Allow",
                  "Resource": "*",
                },
              ],
              "Version": "2012-10-17",
            },
            "PolicyName": "EC2InstanceSchedulerRemote",
          },
        ],
      },
      "Type": "AWS::IAM::Role",
    },
    "Ec2ModifyInstanceAttrPolicy4B693ACF": {
      "Properties": {
        "PolicyDocument": {
          "Statement": [
            {
              "Action": "ec2:ModifyInstanceAttribute",
              "Effect": "Allow",
              "Resource": {
                "Fn::Sub": "arn:\${AWS::Partition}:ec2:*:\${AWS::AccountId}:instance/*",
              },
            },
          ],
          "Version": "2012-10-17",
        },
        "PolicyName": "Ec2ModifyInstanceAttrPolicy4B693ACF",
        "Roles": [
          {
            "Ref": "EC2SchedulerCrossAccountRole",
          },
        ],
      },
      "Type": "AWS::IAM::Policy",
    },
  },
}
`;
