// Jest Snapshot v1, https://goo.gl/fbAQLP

exports[`RegionEventRulesCustomResource - Preservation other resources DependsOn arrays match baseline snapshot 1`] = `
{
  "AdministrationLogsC5F47471": undefined,
  "ConfigTable": undefined,
  "DynamoDbTableDeploymentGate": [
    "ConfigTable",
    "MaintenanceWindowTable",
    "ResourceRegistryC5838BF9",
    "StateTable",
  ],
  "HeartbeatMetricsReporter812E35D0": [
    "HeartbeatMetricsReporterRoleDefaultPolicy7CE04DA3",
    "HeartbeatMetricsReporterRole9FB59405",
  ],
  "HeartbeatMetricsReporterRole9FB59405": undefined,
  "HeartbeatMetricsReporterRoleDefaultPolicy7CE04DA3": undefined,
  "IamPolicyDeploymentGate": [
    "HeartbeatMetricsReporterRoleDefaultPolicy7CE04DA3",
    "iceErrorRetryHandlerRoleDefaultPolicy26094B45",
    "MainLambdaRoleDefaultPolicy5347C905",
    "MetricsGathererPermissionsPolicyAA99320A",
    "MetricsGeneratorRoleDefaultPolicy19F5F29A",
    "MetricsUuidPermissionsPolicyD0672406",
    "ResourceRegistrationCreateRegionalEventRulesLambdaRoleDefaultPolicyAEEA7C27",
    "ResourceRegistrationCreateRegionalEventRulesPolicy1531DABC",
    "ResourceRegistrationCustomResourceProviderframeworkisCompleteServiceRoleDefaultPolicy209D7A94",
    "ResourceRegistrationCustomResourceProviderframeworkonEventServiceRoleDefaultPolicy2620E1E1",
    "ResourceRegistrationCustomResourceProviderframeworkonTimeoutServiceRoleDefaultPolicy1CE45C4E",
    "ResourceRegistrationCustomResourceProviderwaiterstatemachineRoleDefaultPolicy71F426D3",
    "ResourceRegistrationHubTagEventForwardingRoleDefaultPolicy04836F11",
    "ResourceRegistrationRegionRegistrationLambdaRoleDefaultPolicyD77B4753",
    "ResourceRegistrationRegionRegistrationWaitingLambdaRoleDefaultPolicy57C65D22",
    "ResourceRegistrationResourceRegistrationLambdaRoleDefaultPolicy5CED86F8",
    "retryIceErrorHandlerPolicy0496828B",
    "SchedulerRoleASGSchedulingPermissions3ABCC443",
    "SchedulerRoleEc2SchedulingPermissionsF1A25C28",
    "SchedulerRoleRdsSchedulingPermissionsEBB3D20F",
    "SchedulerRoleRegionalEventBusPermissionsA9062DD9",
    "SchedulerRoleResourceGroupsTaggingPermissions24BD9721",
    "SchedulingOrchestratorPermissionsPolicyC2148A26",
    "SchedulingOrchestratorRoleDefaultPolicy29DE8B0D",
    "schedulingRequestHandlerPolicy1BE05FC4",
    "schedulingRequestHandlerRoleDefaultPolicy938ADC4A",
    "SnsLogForwarderRoleDefaultPolicy428A754D",
    "SpokeRegistrationPolicy600671FC",
    "SpokeRegistrationRoleDefaultPolicy7A7A6954",
  ],
  "IamRoleDeploymentGate": [
    "HeartbeatMetricsReporterRole9FB59405",
    "iceErrorRetryHandlerRoleBB1DEADD",
    "MainLambdaRole500DC55A",
    "MetricsGeneratorRole83735CC4",
    "ResourceRegistrationCreateRegionalEventRulesLambdaRole7F7A057A",
    "ResourceRegistrationCustomResourceProviderframeworkisCompleteServiceRole425E0222",
    "ResourceRegistrationCustomResourceProviderframeworkonEventServiceRole10EAF63B",
    "ResourceRegistrationCustomResourceProviderframeworkonTimeoutServiceRole47835E8A",
    "ResourceRegistrationCustomResourceProviderwaiterstatemachineRoleA2FF3178",
    "ResourceRegistrationHubTagEventForwardingRole81ECC265",
    "ResourceRegistrationRegionRegistrationLambdaRoleB05DE28F",
    "ResourceRegistrationRegionRegistrationWaitingLambdaRoleD5212527",
    "ResourceRegistrationResourceRegistrationLambdaRole536BBF3F",
    "SchedulerRole59E73443",
    "SchedulingOrchestratorRoleAD0FF7B1",
    "schedulingRequestHandlerRoleD87803EB",
    "SnsLogForwarderRole9D82E3A7",
    "SpokeRegistrationRole0E2E4D3E",
  ],
  "InstanceSchedulerEncryptionKey": undefined,
  "InstanceSchedulerEncryptionKeyAlias": undefined,
  "InstanceSchedulerIceRetryDLQueue4B3D73CB": undefined,
  "InstanceSchedulerIceRetryDLQueuePolicy8953A569": undefined,
  "InstanceSchedulerIceRetryQueueE4C492AF": undefined,
  "InstanceSchedulerSnsTopic": undefined,
  "InstanceSchedulerSnsTopicPolicyDDA2EA0A": undefined,
  "LambdaDeploymentGate": [
    "HeartbeatMetricsReporter812E35D0",
    "iceErrorRetryHandlerLambda93DCA812",
    "MetricsUuidGenerator172A04DB",
    "ResourceRegistrationCreateRegionalEventRulesLambdaBADBA499",
    "ResourceRegistrationCustomResourceProviderframeworkisComplete44F29B9D",
    "ResourceRegistrationCustomResourceProviderframeworkonEvent294A3755",
    "ResourceRegistrationCustomResourceProviderframeworkonTimeoutE1C8D0D4",
    "ResourceRegistrationRegionRegistrationCustomResourceLambdaCC1DB513",
    "ResourceRegistrationRegionRegistrationWaitLambda88C6C302",
    "ResourceRegistrationLambda40454DE0",
    "Main",
    "SchedulingOrchestratorBB4C4C5A",
    "schedulingRequestHandlerLambdaC395DC9E",
    "SnsLogForwarder1E4F3E8B",
    "SpokeRegistrationHandler923F17AC",
  ],
  "LogInsightsQueriesErrors51281C95": undefined,
  "LogInsightsQueriesResourceRegistrationA3E9737B": undefined,
  "LogInsightsQueriesSchedulingHistory2069025A": undefined,
  "Main": [
    "MainLambdaRoleDefaultPolicy5347C905",
    "MainLambdaRole500DC55A",
  ],
  "MainLambdaRole500DC55A": undefined,
  "MainLambdaRoleDefaultPolicy5347C905": undefined,
  "MaintenanceWindowTable": undefined,
  "MetricsGathererEventRule82CDB21C": undefined,
  "MetricsGathererEventRuleAllowEventRuleTestStackHeartbeatMetricsReporter38C7781EEC166771": undefined,
  "MetricsGathererPermissionsPolicyAA99320A": undefined,
  "MetricsGeneratorRole83735CC4": undefined,
  "MetricsGeneratorRoleDefaultPolicy19F5F29A": undefined,
  "MetricsUuidGenerator172A04DB": [
    "MetricsGeneratorRoleDefaultPolicy19F5F29A",
    "MetricsGeneratorRole83735CC4",
  ],
  "MetricsUuidPermissionsPolicyD0672406": undefined,
  "MetricsUuidProvider": [
    "MetricsUuidPermissionsPolicyD0672406",
  ],
  "OperationalInsightsDashboardE3C49DFC": undefined,
  "ResourceRegistrationAsgTaggingEventsToLambdaAllowEventRuleTestStackResourceRegistrationLambdaB95F02B908DFD567": undefined,
  "ResourceRegistrationAsgTaggingEventsToLambdaB34CB412": undefined,
  "ResourceRegistrationCreateRegionalEventRules9BE794F3": undefined,
  "ResourceRegistrationCreateRegionalEventRulesLambdaRole7F7A057A": undefined,
  "ResourceRegistrationCreateRegionalEventRulesLambdaRoleDefaultPolicyAEEA7C27": undefined,
  "ResourceRegistrationCreateRegionalEventRulesPolicy1531DABC": undefined,
  "ResourceRegistrationCustomResourceProviderframeworkisComplete44F29B9D": [
    "ResourceRegistrationCustomResourceProviderframeworkisCompleteServiceRoleDefaultPolicy209D7A94",
    "ResourceRegistrationCustomResourceProviderframeworkisCompleteServiceRole425E0222",
  ],
  "ResourceRegistrationCustomResourceProviderframeworkisCompleteServiceRole425E0222": undefined,
  "ResourceRegistrationCustomResourceProviderframeworkisCompleteServiceRoleDefaultPolicy209D7A94": undefined,
  "ResourceRegistrationCustomResourceProviderframeworkonEvent294A3755": [
    "ResourceRegistrationCustomResourceProviderframeworkonEventServiceRoleDefaultPolicy2620E1E1",
    "ResourceRegistrationCustomResourceProviderframeworkonEventServiceRole10EAF63B",
  ],
  "ResourceRegistrationCustomResourceProviderframeworkonEventServiceRole10EAF63B": undefined,
  "ResourceRegistrationCustomResourceProviderframeworkonEventServiceRoleDefaultPolicy2620E1E1": undefined,
  "ResourceRegistrationCustomResourceProviderframeworkonTimeoutE1C8D0D4": [
    "ResourceRegistrationCustomResourceProviderframeworkonTimeoutServiceRoleDefaultPolicy1CE45C4E",
    "ResourceRegistrationCustomResourceProviderframeworkonTimeoutServiceRole47835E8A",
  ],
  "ResourceRegistrationCustomResourceProviderframeworkonTimeoutServiceRole47835E8A": undefined,
  "ResourceRegistrationCustomResourceProviderframeworkonTimeoutServiceRoleDefaultPolicy1CE45C4E": undefined,
  "ResourceRegistrationCustomResourceProviderwaiterstatemachine79C63BA3": [
    "ResourceRegistrationCustomResourceProviderwaiterstatemachineRoleDefaultPolicy71F426D3",
    "ResourceRegistrationCustomResourceProviderwaiterstatemachineRoleA2FF3178",
  ],
  "ResourceRegistrationCustomResourceProviderwaiterstatemachineRoleA2FF3178": undefined,
  "ResourceRegistrationCustomResourceProviderwaiterstatemachineRoleDefaultPolicy71F426D3": undefined,
  "ResourceRegistrationHubTagEventForwardingRole81ECC265": undefined,
  "ResourceRegistrationHubTagEventForwardingRoleDefaultPolicy04836F11": undefined,
  "ResourceRegistrationLambda40454DE0": [
    "ResourceRegistrationResourceRegistrationLambdaRoleDefaultPolicy5CED86F8",
    "ResourceRegistrationResourceRegistrationLambdaRole536BBF3F",
  ],
  "ResourceRegistrationRegionRegistrationCustomResourceLambdaCC1DB513": [
    "ResourceRegistrationRegionRegistrationLambdaRoleDefaultPolicyD77B4753",
    "ResourceRegistrationRegionRegistrationLambdaRoleB05DE28F",
  ],
  "ResourceRegistrationRegionRegistrationCustomResourceLambdaPolicy4210499E": undefined,
  "ResourceRegistrationRegionRegistrationLambdaRoleB05DE28F": undefined,
  "ResourceRegistrationRegionRegistrationLambdaRoleDefaultPolicyD77B4753": undefined,
  "ResourceRegistrationRegionRegistrationWaitLambda88C6C302": [
    "ResourceRegistrationRegionRegistrationWaitingLambdaRoleDefaultPolicy57C65D22",
    "ResourceRegistrationRegionRegistrationWaitingLambdaRoleD5212527",
  ],
  "ResourceRegistrationRegionRegistrationWaitingLambdaRoleD5212527": undefined,
  "ResourceRegistrationRegionRegistrationWaitingLambdaRoleDefaultPolicy57C65D22": undefined,
  "ResourceRegistrationRegisterRegionsF3C0C449": [
    "DynamoDbTableDeploymentGate",
    "IamPolicyDeploymentGate",
    "IamRoleDeploymentGate",
    "LambdaDeploymentGate",
    "SchedulerRoleASGSchedulingPermissions3ABCC443",
    "SchedulerRoleEc2SchedulingPermissionsF1A25C28",
    "SchedulerRoleRdsSchedulingPermissionsEBB3D20F",
    "SchedulerRole59E73443",
    "SchedulerRoleResourceGroupsTaggingPermissions24BD9721",
  ],
  "ResourceRegistrationRegistrationEvents5615CE0B": undefined,
  "ResourceRegistrationRegistrationEventscdkAllowCrossAccountEventBridgeAccessDC854A6F": undefined,
  "ResourceRegistrationResourceRegistrationDLQ283D80AD": undefined,
  "ResourceRegistrationResourceRegistrationDLQPolicy6D1C07B2": undefined,
  "ResourceRegistrationResourceRegistrationLambdaRole536BBF3F": undefined,
  "ResourceRegistrationResourceRegistrationLambdaRoleDefaultPolicy5CED86F8": undefined,
  "ResourceRegistrationSpokeRegistrationUpdateSSMParamRoleCA31EFC6": undefined,
  "ResourceRegistrationTaggingEventsToLambda5A63CF2E": undefined,
  "ResourceRegistrationTaggingEventsToLambdaAllowEventRuleTestStackResourceRegistrationLambdaB95F02B92BA36E6C": undefined,
  "ResourceRegistrationhubLambdaInvokePolicy5F97F17F": undefined,
  "ResourceRegistryC5838BF9": undefined,
  "SchedulerConfigHelper": undefined,
  "SchedulerEventRuleAllowEventRuleTestStackSchedulingOrchestratorD0C17948F3AB89DE": undefined,
  "SchedulerEventRuleDD9A6B32": undefined,
  "SchedulerRole59E73443": undefined,
  "SchedulerRoleASGSchedulingPermissions3ABCC443": undefined,
  "SchedulerRoleEc2SchedulingPermissionsF1A25C28": undefined,
  "SchedulerRoleKmsPermissionsBF1B9F02": undefined,
  "SchedulerRoleLicenceManagerPermissionsC73158A3": undefined,
  "SchedulerRoleRdsSchedulingPermissionsEBB3D20F": undefined,
  "SchedulerRoleRegionalEventBusPermissionsA9062DD9": undefined,
  "SchedulerRoleResourceGroupsTaggingPermissions24BD9721": undefined,
  "SchedulingLogs24313C6E": undefined,
  "SchedulingOrchestratorBB4C4C5A": [
    "SchedulingOrchestratorRoleDefaultPolicy29DE8B0D",
    "SchedulingOrchestratorRoleAD0FF7B1",
  ],
  "SchedulingOrchestratorPermissionsPolicyC2148A26": undefined,
  "SchedulingOrchestratorRoleAD0FF7B1": undefined,
  "SchedulingOrchestratorRoleDefaultPolicy29DE8B0D": undefined,
  "SnsLogForwarder1E4F3E8B": [
    "SnsLogForwarderRoleDefaultPolicy428A754D",
    "SnsLogForwarderRole9D82E3A7",
  ],
  "SnsLogForwarderRole9D82E3A7": undefined,
  "SnsLogForwarderRoleDefaultPolicy428A754D": undefined,
  "SnsReportingAdminLogSubscriptionCanInvokeLambda36DD64FA": undefined,
  "SnsReportingAdminLogSubscriptionF82966D5": [
    "SnsReportingAdminLogSubscriptionCanInvokeLambda36DD64FA",
  ],
  "SnsReportingSchedulingLogSubscription1C6FAA36": [
    "SnsReportingSchedulingLogSubscriptionCanInvokeLambda2D846B99",
  ],
  "SnsReportingSchedulingLogSubscriptionCanInvokeLambda2D846B99": undefined,
  "SpokeAccountInvokeFunctionPolicy56170D6F": [
    "SpokeAccountInvokeFunctionRole",
  ],
  "SpokeAccountInvokeFunctionRole": undefined,
  "SpokeRegistrationHandler923F17AC": [
    "SpokeRegistrationRoleDefaultPolicy7A7A6954",
    "SpokeRegistrationRole0E2E4D3E",
  ],
  "SpokeRegistrationPolicy600671FC": undefined,
  "SpokeRegistrationRole0E2E4D3E": undefined,
  "SpokeRegistrationRoleDefaultPolicy7A7A6954": undefined,
  "StateTable": undefined,
  "globalEventsF68743C0": undefined,
  "iceErrorRetryHandlerLambda93DCA812": [
    "iceErrorRetryHandlerRoleDefaultPolicy26094B45",
    "iceErrorRetryHandlerRoleBB1DEADD",
  ],
  "iceErrorRetryHandlerLambdaSqsEventSourceTestStackInstanceSchedulerIceRetryQueue5ACAA13138B39B9F": undefined,
  "iceErrorRetryHandlerRoleBB1DEADD": undefined,
  "iceErrorRetryHandlerRoleDefaultPolicy26094B45": undefined,
  "retryIceErrorHandlerPolicy0496828B": undefined,
  "schedulingRequestHandlerLambdaC395DC9E": [
    "schedulingRequestHandlerRoleDefaultPolicy938ADC4A",
    "schedulingRequestHandlerRoleD87803EB",
  ],
  "schedulingRequestHandlerPolicy1BE05FC4": undefined,
  "schedulingRequestHandlerRoleD87803EB": undefined,
  "schedulingRequestHandlerRoleDefaultPolicy938ADC4A": undefined,
}
`;
